// Jest Snapshot v1, https://goo.gl/fbAQLP

exports[`renders Discount unchanged 1`] = `
<div>
  <div
    class="badge bg-danger"
  >
    -
    30
    %
  </div>
</div>
`;
