// Jest Snapshot v1, https://goo.gl/fbAQLP

exports[`renders ImagePlaceholder unchanged 1`] = `
<div>
  <svg
    aria-label="No photo"
    class="img-fluid img-thumbnail"
    focusable="false"
    height="912"
    preserveAspectRatio="xMidYMid slice"
    role="img"
    width="600"
    xmlns="http://www.w3.org/2000/svg"
  >
    <rect
      fill="#ffffff"
      height="100%"
      width="100%"
    />
    <text
      dy=".3em"
      fill="#dee2e6"
      text-anchor="middle"
      x="50%"
      y="50%"
    >
      Test
    </text>
  </svg>
</div>
`;
