// Jest Snapshot v1, https://goo.gl/fbAQLP

exports[`<Pagination /> renders correctly if links are not null 1`] = `
<div>
  <nav
    aria-label="Page navigation"
  >
    <ul
      class="pagination justify-content-center"
    >
      <li
        class="page-item"
      >
        <a
          aria-label="Previous"
          class="page-link"
          href="/test-prev-link"
        >
          Пред.
        </a>
      </li>
      <li
        class="page-item"
      >
        <a
          aria-label="Next"
          class="page-link"
          href="/test-next-link"
        >
          След.
        </a>
      </li>
    </ul>
  </nav>
</div>
`;
