// Jest Snapshot v1, https://goo.gl/fbAQLP

exports[`renders CategoryListItem unchanged 1`] = `
<div>
  <a
    aria-current="page"
    class="list-group-item list-group-item-action"
    href="/catalog/test-slug"
  >
    Test category
  </a>
</div>
`;
