// Jest Snapshot v1, https://goo.gl/fbAQLP

exports[`renders TheCart unchanged 1`] = `
<div>
  <div
    class="list-group mb-3"
  >
    <a
      class="list-group-item text-reset"
      href="/cart"
    >
      <div
        class="list-group-item-heading"
      >
        <span
          class="text-danger"
        >
          КОРЗИНА
        </span>
      </div>
      <div
        class="list-group-item-text"
      >
        Пока пусто!
      </div>
    </a>
  </div>
</div>
`;
