// Jest Snapshot v1, https://goo.gl/fbAQLP

exports[`renders TheNavbar unchanged 1`] = `
<div>
  <nav
    class="navbar navbar-expand-lg navbar-light border-bottom mb-4"
  >
    <div
      class="container-fluid"
    >
      <a
        class="navbar-brand"
        href="/"
      >
        Русская Леди
      </a>
      <button
        aria-controls="navbarNavAltMarkup"
        aria-expanded="false"
        aria-label="Toggle navigation"
        class="navbar-toggler"
        data-bs-target="#navbarNavAltMarkup"
        data-bs-toggle="collapse"
        type="button"
      >
        <span
          class="navbar-toggler-icon"
        />
      </button>
      <div
        class="collapse navbar-collapse "
        id="navbarNavAltMarkup"
      >
        <div
          class="navbar-nav ms-auto"
        >
          <a
            class="nav-link"
            href="/shipping-and-payment"
          >
            Доставка и Оплата
          </a>
          <a
            class="nav-link"
            href="/size-chart"
          >
            Таблица размеров
          </a>
          <a
            class="nav-link"
            href="/contacts"
          >
            Контакты
          </a>
        </div>
      </div>
    </div>
  </nav>
</div>
`;
