// Jest Snapshot v1, https://goo.gl/fbAQLP

exports[`renders cart page unchanged 1`] = `
<div>
  <h1>
    Корзина
  </h1>
  <p>
    Пока пусто!
  </p>
</div>
`;
